[1 2 3 4 5]
[January February March April May June July August September October November December]
