err: Error at '0' on line 1: expect length of array type expression to be a positive integer
