outer a
middle b
inner c
outer a
middle b
middle c
outer a
outer b
outer c
