err:Error on line 2: function definitions may not be nested
err: