err:Error on line 3: expected 'b[0]' to be of type 'integer', but got 'boolean'
err: