err:Error on line 3: 'x' and 'y' are of different types
err: