err: Error on line 2: expected 'f' to be of type 'boolean', but got 'integer'
